Running tests...